Archive member included to satisfy reference by file (symbol)

D:/Projetos Pessoais/STM32/STM32CubeIDE_1.15.1/STM32CubeIDE/plugins/com.st.stm32cube.ide.mcu.externaltools.gnu-tools-for-stm32.12.3.rel1.win32_1.0.100.202403111256/tools/bin/../lib/gcc/arm-none-eabi/12.3.1/../../../../arm-none-eabi/lib/thumb/v7e-m+fp/hard\libc_nano.a(libc_a-exit.o)
                              D:/Projetos Pessoais/STM32/STM32CubeIDE_1.15.1/STM32CubeIDE/plugins/com.st.stm32cube.ide.mcu.externaltools.gnu-tools-for-stm32.12.3.rel1.win32_1.0.100.202403111256/tools/bin/../lib/gcc/arm-none-eabi/12.3.1/../../../../arm-none-eabi/lib/thumb/v7e-m+fp/hard/crt0.o (exit)
D:/Projetos Pessoais/STM32/STM32CubeIDE_1.15.1/STM32CubeIDE/plugins/com.st.stm32cube.ide.mcu.externaltools.gnu-tools-for-stm32.12.3.rel1.win32_1.0.100.202403111256/tools/bin/../lib/gcc/arm-none-eabi/12.3.1/../../../../arm-none-eabi/lib/thumb/v7e-m+fp/hard\libc_nano.a(libc_a-findfp.o)
                              D:/Projetos Pessoais/STM32/STM32CubeIDE_1.15.1/STM32CubeIDE/plugins/com.st.stm32cube.ide.mcu.externaltools.gnu-tools-for-stm32.12.3.rel1.win32_1.0.100.202403111256/tools/bin/../lib/gcc/arm-none-eabi/12.3.1/../../../../arm-none-eabi/lib/thumb/v7e-m+fp/hard\libc_nano.a(libc_a-exit.o) (__stdio_exit_handler)
D:/Projetos Pessoais/STM32/STM32CubeIDE_1.15.1/STM32CubeIDE/plugins/com.st.stm32cube.ide.mcu.externaltools.gnu-tools-for-stm32.12.3.rel1.win32_1.0.100.202403111256/tools/bin/../lib/gcc/arm-none-eabi/12.3.1/../../../../arm-none-eabi/lib/thumb/v7e-m+fp/hard\libc_nano.a(libc_a-fwalk.o)
                              D:/Projetos Pessoais/STM32/STM32CubeIDE_1.15.1/STM32CubeIDE/plugins/com.st.stm32cube.ide.mcu.externaltools.gnu-tools-for-stm32.12.3.rel1.win32_1.0.100.202403111256/tools/bin/../lib/gcc/arm-none-eabi/12.3.1/../../../../arm-none-eabi/lib/thumb/v7e-m+fp/hard\libc_nano.a(libc_a-findfp.o) (_fwalk_sglue)
D:/Projetos Pessoais/STM32/STM32CubeIDE_1.15.1/STM32CubeIDE/plugins/com.st.stm32cube.ide.mcu.externaltools.gnu-tools-for-stm32.12.3.rel1.win32_1.0.100.202403111256/tools/bin/../lib/gcc/arm-none-eabi/12.3.1/../../../../arm-none-eabi/lib/thumb/v7e-m+fp/hard\libc_nano.a(libc_a-sprintf.o)
                              ./Drivers/LCD/lcd.o (sprintf)
D:/Projetos Pessoais/STM32/STM32CubeIDE_1.15.1/STM32CubeIDE/plugins/com.st.stm32cube.ide.mcu.externaltools.gnu-tools-for-stm32.12.3.rel1.win32_1.0.100.202403111256/tools/bin/../lib/gcc/arm-none-eabi/12.3.1/../../../../arm-none-eabi/lib/thumb/v7e-m+fp/hard\libc_nano.a(libc_a-stdio.o)
                              D:/Projetos Pessoais/STM32/STM32CubeIDE_1.15.1/STM32CubeIDE/plugins/com.st.stm32cube.ide.mcu.externaltools.gnu-tools-for-stm32.12.3.rel1.win32_1.0.100.202403111256/tools/bin/../lib/gcc/arm-none-eabi/12.3.1/../../../../arm-none-eabi/lib/thumb/v7e-m+fp/hard\libc_nano.a(libc_a-findfp.o) (__sread)
D:/Projetos Pessoais/STM32/STM32CubeIDE_1.15.1/STM32CubeIDE/plugins/com.st.stm32cube.ide.mcu.externaltools.gnu-tools-for-stm32.12.3.rel1.win32_1.0.100.202403111256/tools/bin/../lib/gcc/arm-none-eabi/12.3.1/../../../../arm-none-eabi/lib/thumb/v7e-m+fp/hard\libc_nano.a(libc_a-memset.o)
                              D:/Projetos Pessoais/STM32/STM32CubeIDE_1.15.1/STM32CubeIDE/plugins/com.st.stm32cube.ide.mcu.externaltools.gnu-tools-for-stm32.12.3.rel1.win32_1.0.100.202403111256/tools/bin/../lib/gcc/arm-none-eabi/12.3.1/../../../../arm-none-eabi/lib/thumb/v7e-m+fp/hard/crt0.o (memset)
D:/Projetos Pessoais/STM32/STM32CubeIDE_1.15.1/STM32CubeIDE/plugins/com.st.stm32cube.ide.mcu.externaltools.gnu-tools-for-stm32.12.3.rel1.win32_1.0.100.202403111256/tools/bin/../lib/gcc/arm-none-eabi/12.3.1/../../../../arm-none-eabi/lib/thumb/v7e-m+fp/hard\libc_nano.a(libc_a-closer.o)
                              D:/Projetos Pessoais/STM32/STM32CubeIDE_1.15.1/STM32CubeIDE/plugins/com.st.stm32cube.ide.mcu.externaltools.gnu-tools-for-stm32.12.3.rel1.win32_1.0.100.202403111256/tools/bin/../lib/gcc/arm-none-eabi/12.3.1/../../../../arm-none-eabi/lib/thumb/v7e-m+fp/hard\libc_nano.a(libc_a-stdio.o) (_close_r)
D:/Projetos Pessoais/STM32/STM32CubeIDE_1.15.1/STM32CubeIDE/plugins/com.st.stm32cube.ide.mcu.externaltools.gnu-tools-for-stm32.12.3.rel1.win32_1.0.100.202403111256/tools/bin/../lib/gcc/arm-none-eabi/12.3.1/../../../../arm-none-eabi/lib/thumb/v7e-m+fp/hard\libc_nano.a(libc_a-reent.o)
                              D:/Projetos Pessoais/STM32/STM32CubeIDE_1.15.1/STM32CubeIDE/plugins/com.st.stm32cube.ide.mcu.externaltools.gnu-tools-for-stm32.12.3.rel1.win32_1.0.100.202403111256/tools/bin/../lib/gcc/arm-none-eabi/12.3.1/../../../../arm-none-eabi/lib/thumb/v7e-m+fp/hard\libc_nano.a(libc_a-closer.o) (errno)
D:/Projetos Pessoais/STM32/STM32CubeIDE_1.15.1/STM32CubeIDE/plugins/com.st.stm32cube.ide.mcu.externaltools.gnu-tools-for-stm32.12.3.rel1.win32_1.0.100.202403111256/tools/bin/../lib/gcc/arm-none-eabi/12.3.1/../../../../arm-none-eabi/lib/thumb/v7e-m+fp/hard\libc_nano.a(libc_a-impure.o)
[...]
Memory Configuration

Name             Origin             Length             Attributes
RAM              0x20000000         0x00020000         xrw
FLASH            0x08000000         0x00080000         xr
*default*        0x00000000         0xffffffff

Linker script and memory map

LOAD D:/Projetos Pessoais/STM32/STM32CubeIDE_1.15.1/STM32CubeIDE/plugins/com.st.stm32cube.ide.mcu.externaltools.gnu-tools-for-stm32.12.3.rel1.win32_1.0.100.202403111256/tools/bin/../lib/gcc/arm-none-eabi/12.3.1/thumb/v7e-m+fp/hard/crti.o
LOAD D:/Projetos Pessoais/STM32/STM32CubeIDE_1.15.1/STM32CubeIDE/plugins/com.st.stm32cube.ide.mcu.externaltools.gnu-tools-for-stm32.12.3.rel1.win32_1.0.100.202403111256/tools/bin/../lib/gcc/arm-none-eabi/12.3.1/thumb/v7e-m+fp/hard/crtbegin.o
LOAD D:/Projetos Pessoais/STM32/STM32CubeIDE_1.15.1/STM32CubeIDE/plugins/com.st.stm32cube.ide.mcu.externaltools.gnu-tools-for-stm32.12.3.rel1.win32_1.0.100.202403111256/tools/bin/../lib/gcc/arm-none-eabi/12.3.1/../../../../arm-none-eabi/lib/thumb/v7e-m+fp/hard/crt0.o
LOAD ./Core/Src/main.o
LOAD ./Core/Src/stm32f4xx_hal_msp.o
LOAD ./Core/Src/stm32f4xx_it.o
LOAD ./Core/Src/syscalls.o
LOAD ./Core/Src/sysmem.o
LOAD ./Core/Src/system_stm32f4xx.o
LOAD ./Core/Startup/startup_stm32f411ceux.o
LOAD ./Drivers/LCD/images.o
LOAD ./Drivers/LCD/lcd.o
LOAD ./Drivers/STM32F4xx_HAL_Driver/Src/stm32f4xx_hal.o
LOAD ./Drivers/STM32F4xx_HAL_Driver/Src/stm32f4xx_hal_adc.o
LOAD ./Drivers/STM32F4xx_HAL_Driver/Src/stm32f4xx_hal_adc_ex.o
LOAD ./Drivers/STM32F4xx_HAL_Driver/Src/stm32f4xx_hal_cortex.o
LOAD ./Drivers/STM32F4xx_HAL_Driver/Src/stm32f4xx_hal_dma.o
LOAD ./Drivers/STM32F4xx_HAL_Driver/Src/stm32f4xx_hal_dma_ex.o
LOAD ./Drivers/STM32F4xx_HAL_Driver/Src/stm32f4xx_hal_exti.o
LOAD ./Drivers/STM32F4xx_HAL_Driver/Src/stm32f4xx_hal_flash.o
LOAD ./Drivers/STM32F4xx_HAL_Driver/Src/stm32f4xx_hal_flash_ex.o
LOAD ./Drivers/STM32F4xx_HAL_Driver/Src/stm32f4xx_hal_flash_ramfunc.o
LOAD ./Drivers/STM32F4xx_HAL_Driver/Src/stm32f4xx_hal_gpio.o
LOAD ./Drivers/STM32F4xx_HAL_Driver/Src/stm32f4xx_hal_pwr.o
LOAD ./Drivers/STM32F4xx_HAL_Driver/Src/stm32f4xx_hal_pwr_ex.o
LOAD ./Drivers/STM32F4xx_HAL_Driver/Src/stm32f4xx_hal_rcc.o
LOAD ./Drivers/STM32F4xx_HAL_Driver/Src/stm32f4xx_hal_rcc_ex.o
LOAD ./Drivers/STM32F4xx_HAL_Driver/Src/stm32f4xx_hal_spi.o
LOAD ./Drivers/STM32F4xx_HAL_Driver/Src/stm32f4xx_hal_tim.o
LOAD ./Drivers/STM32F4xx_HAL_Driver/Src/stm32f4xx_hal_tim_ex.o
LOAD ./Drivers/STM32F4xx_HAL_Driver/Src/stm32f4xx_hal_uart.o
LOAD ./Drivers/STM32F4xx_HAL_Driver/Src/stm32f4xx_ll_adc.o
LOAD ./Drivers/UGUI/font_6x8.o
LOAD ./Drivers/UGUI/ugui.o
LOAD ./Drivers/UGUI/ugui_button.o
LOAD ./Drivers/UGUI/ugui_checkbox.o
LOAD ./Drivers/UGUI/ugui_image.o
LOAD ./Drivers/UGUI/ugui_progress.o
LOAD ./Drivers/UGUI/ugui_textbox.o
START GROUP
LOAD D:/Projetos Pessoais/STM32/STM32CubeIDE_1.15.1/STM32CubeIDE/plugins/com.st.stm32cube.ide.mcu.externaltools.gnu-tools-for-stm32.12.3.rel1.win32_1.0.100.202403111256/tools/bin/../lib/gcc/arm-none-eabi/12.3.1/../../../../arm-none-eabi/lib/thumb/v7e-m+fp/hard\libc_nano.a
LOAD D:/Projetos Pessoais/STM32/STM32CubeIDE_1.15.1/STM32CubeIDE/plugins/com.st.stm32cube.ide.mcu.externaltools.gnu-tools-for-stm32.12.3.rel1.win32_1.0.100.202403111256/tools/bin/../lib/gcc/arm-none-eabi/12.3.1/../../../../arm-none-eabi/lib/thumb/v7e-m+fp/hard\libm.a
END GROUP
START GROUP
LOAD D:/Projetos Pessoais/STM32/STM32CubeIDE_1.15.1/STM32CubeIDE/plugins/com.st.stm32cube.ide.mcu.externaltools.gnu-tools-for-stm32.12.3.rel1.win32_1.0.100.202403111256/tools/bin/../lib/gcc/arm-none-eabi/12.3.1/thumb/v7e-m+fp/hard\libgcc.a
LOAD D:/Projetos Pessoais/STM32/STM32CubeIDE_1.15.1/STM32CubeIDE/plugins/com.st.stm32cube.ide.mcu.externaltools.gnu-tools-for-stm32.12.3.rel1.win32_1.0.100.202403111256/tools/bin/../lib/gcc/arm-none-eabi/12.3.1/../../../../arm-none-eabi/lib/thumb/v7e-m+fp/hard\libc_nano.a
END GROUP
START GROUP
LOAD D:/Projetos Pessoais/STM32/STM32CubeIDE_1.15.1/STM32CubeIDE/plugins/com.st.stm32cube.ide.mcu.externaltools.gnu-tools-for-stm32.12.3.rel1.win32_1.0.100.202403111256/tools/bin/../lib/gcc/arm-none-eabi/12.3.1/thumb/v7e-m+fp/hard\libgcc.a
LOAD D:/Projetos Pessoais/STM32/STM32CubeIDE_1.15.1/STM32CubeIDE/plugins/com.st.stm32cube.ide.mcu.externaltools.gnu-tools-for-stm32.12.3.rel1.win32_1.0.100.202403111256/tools/bin/../lib/gcc/arm-none-eabi/12.3.1/../../../../arm-none-eabi/lib/thumb/v7e-m+fp/hard\libc_nano.a
LOAD D:/Projetos Pessoais/STM32/STM32CubeIDE_1.15.1/STM32CubeIDE/plugins/com.st.stm32cube.ide.mcu.externaltools.gnu-tools-for-stm32.12.3.rel1.win32_1.0.100.202403111256/tools/bin/../lib/gcc/arm-none-eabi/12.3.1/../../../../arm-none-eabi/lib/thumb/v7e-m+fp/hard\libnosys.a
END GROUP
START GROUP
LOAD D:/Projetos Pessoais/STM32/STM32CubeIDE_1.15.1/STM32CubeIDE/plugins/com.st.stm32cube.ide.mcu.externaltools.gnu-tools-for-stm32.12.3.rel1.win32_1.0.100.202403111256/tools/bin/../lib/gcc/arm-none-eabi/12.3.1/thumb/v7e-m+fp/hard\libgcc.a
LOAD D:/Projetos Pessoais/STM32/STM32CubeIDE_1.15.1/STM32CubeIDE/plugins/com.st.stm32cube.ide.mcu.externaltools.gnu-tools-for-stm32.12.3.rel1.win32_1.0.100.202403111256/tools/bin/../lib/gcc/arm-none-eabi/12.3.1/../../../../arm-none-eabi/lib/thumb/v7e-m+fp/hard\libc_nano.a
LOAD D:/Projetos Pessoais/STM32/STM32CubeIDE_1.15.1/STM32CubeIDE/plugins/com.st.stm32cube.ide.mcu.externaltools.gnu-tools-for-stm32.12.3.rel1.win32_1.0.100.202403111256/tools/bin/../lib/gcc/arm-none-eabi/12.3.1/../../../../arm-none-eabi/lib/thumb/v7e-m+fp/hard\libnosys.a
END GROUP
LOAD D:/Projetos Pessoais/STM32/STM32CubeIDE_1.15.1/STM32CubeIDE/plugins/com.st.stm32cube.ide.mcu.externaltools.gnu-tools-for-stm32.12.3.rel1.win32_1.0.100.202403111256/tools/bin/../lib/gcc/arm-none-eabi/12.3.1/thumb/v7e-m+fp/hard/crtend.o
LOAD D:/Projetos Pessoais/STM32/STM32CubeIDE_1.15.1/STM32CubeIDE/plugins/com.st.stm32cube.ide.mcu.externaltools.gnu-tools-for-stm32.12.3.rel1.win32_1.0.100.202403111256/tools/bin/../lib/gcc/arm-none-eabi/12.3.1/thumb/v7e-m+fp/hard/crtn.o
                0x20020000                        _estack = (ORIGIN (RAM) + LENGTH (RAM))
                0x00000200                        _Min_Heap_Size = 0x200
                0x00000400                        _Min_Stack_Size = 0x400

.isr_vector     0x08000000      0x198
                0x08000000                        . = ALIGN (0x4)
 *(.isr_vector)
 .isr_vector    0x08000000      0x198 ./Core/Startup/startup_stm32f411ceux.o
                0x08000000                g_pfnVectors
                0x08000198                        . = ALIGN (0x4)

.text           0x08000198     0x6164
                0x08000198                        . = ALIGN (0x4)
 *(.text)
 .text          0x08000198       0x40 D:/Projetos Pessoais/STM32/STM32CubeIDE_1.15.1/STM32CubeIDE/plugins/com.st.stm32cube.ide.mcu.externaltools.gnu-tools-for-stm32.12.3.rel1.win32_1.0.100.202403111256/tools/bin/../lib/gcc/arm-none-eabi/12.3.1/thumb/v7e-m+fp/hard/crtbegin.o
 .text          0x080001d8       0x30 D:/Projetos Pessoais/STM32/STM32CubeIDE_1.15.1/STM32CubeIDE/plugins/com.st.stm32cube.ide.mcu.externaltools.gnu-tools-for-stm32.12.3.rel1.win32_1.0.100.202403111256/tools/bin/../lib/gcc/arm-none-eabi/12.3.1/thumb/v7e-m+fp/hard\libgcc.a(_aeabi_uldivmod.o)
                0x080001d8                __aeabi_uldivmod
 .text          0x08000208      0x2bc D:/Projetos Pessoais/STM32/STM32CubeIDE_1.15.1/STM32CubeIDE/plugins/com.st.stm32cube.ide.mcu.externaltools.gnu-tools-for-stm32.12.3.rel1.win32_1.0.100.202403111256/tools/bin/../lib/gcc/arm-none-eabi/12.3.1/thumb/v7e-m+fp/hard\libgcc.a(_udivmoddi4.o)
                0x08000208                __udivmoddi4
 .text          0x080004c4        0x4 D:/Projetos Pessoais/STM32/STM32CubeIDE_1.15.1/STM32CubeIDE/plugins/com.st.stm32cube.ide.mcu.externaltools.gnu-tools-for-stm32.12.3.rel1.win32_1.0.100.202403111256/tools/bin/../lib/gcc/arm-none-eabi/12.3.1/thumb/v7e-m+fp/hard\libgcc.a(_dvmd_tls.o)
                0x080004c4                __aeabi_idiv0
                0x080004c4                __aeabi_ldiv0
 *(.text*)
 .text.main     0x080004c8       0xf4 ./Core/Src/main.o
                0x080004c8                main
 .text.SystemClock_Config
                0x080005bc       0xd0 ./Core/Src/main.o
                0x080005bc                SystemClock_Config
 .text.MX_ADC1_Init
                0x0800068c       0xa4 ./Core/Src/main.o
 .text.MX_SPI1_Init
                0x08000730       0x70 ./Core/Src/main.o
 .text.MX_USART1_UART_Init
                0x080007a0       0x54 ./Core/Src/main.o
 .text.MX_DMA_Init
                0x080007f4       0x40 ./Core/Src/main.o
 .text.MX_GPIO_Init
                0x08000834      0x15c ./Core/Src/main.o
 .text.Error_Handler
                0x08000990        0xc ./Core/Src/main.o
                0x08000990                Error_Handler
 .text.HAL_MspInit
                0x0800099c       0x50 ./Core/Src/stm32f4xx_hal_msp.o
                0x0800099c                HAL_MspInit
 .text.HAL_ADC_MspInit
                0x080009ec       0x88 ./Core/Src/stm32f4xx_hal_msp.o
                0x080009ec                HAL_ADC_MspInit
 .text.HAL_SPI_MspInit
                0x08000a74       0xf4 ./Core/Src/stm32f4xx_hal_msp.o
                0x08000a74                HAL_SPI_MspInit
 .text.HAL_UART_MspInit
                0x08000b68       0xa0 ./Core/Src/stm32f4xx_hal_msp.o
                0x08000b68                HAL_UART_MspInit
 .text.NMI_Handler
                0x08000c08        0x8 ./Core/Src/stm32f4xx_it.o
                0x08000c08                NMI_Handler
 .text.HardFault_Handler
                0x08000c10        0x8 ./Core/Src/stm32f4xx_it.o
                0x08000c10                HardFault_Handler
 .text.MemManage_Handler
                0x08000c18        0x8 ./Core/Src/stm32f4xx_it.o
                0x08000c18                MemManage_Handler
 .text.BusFault_Handler
                0x08000c20        0x8 ./Core/Src/stm32f4xx_it.o
                0x08000c20                BusFault_Handler
 .text.UsageFault_Handler
                0x08000c28        0x8 ./Core/Src/stm32f4xx_it.o
                0x08000c28                UsageFault_Handler
 .text.SVC_Handler
                0x08000c30        0xe ./Core/Src/stm32f4xx_it.o
                0x08000c30                SVC_Handler
 .text.DebugMon_Handler
                0x08000c3e        0xe ./Core/Src/stm32f4xx_it.o
                0x08000c3e                DebugMon_Handler
 .text.PendSV_Handler
                0x08000c4c        0xe ./Core/Src/stm32f4xx_it.o
                0x08000c4c                PendSV_Handler
 .text.SysTick_Handler
                0x08000c5a        0xc ./Core/Src/stm32f4xx_it.o
                0x08000c5a                SysTick_Handler
 *fill*         0x08000c66        0x2 
 .text.USART1_IRQHandler
                0x08000c68       0x14 ./Core/Src/stm32f4xx_it.o
                0x08000c68                USART1_IRQHandler
 .text.DMA2_Stream2_IRQHandler
                0x08000c7c       0x14 ./Core/Src/stm32f4xx_it.o
                0x08000c7c                DMA2_Stream2_IRQHandler
 .text.SystemInit
                0x08000c90       0x24 ./Core/Src/system_stm32f4xx.o
                0x08000c90                SystemInit
 .text.Reset_Handler
                0x08000cb4       0x50 ./Core/Startup/startup_stm32f411ceux.o
                0x08000cb4                Reset_Handler
 .text.Default_Handler
                0x08000d04        0x2 ./Core/Startup/startup_stm32f411ceux.o
                0x08000d04                RTC_Alarm_IRQHandler
                0x08000d04                EXTI2_IRQHandler
                0x08000d04                SPI4_IRQHandler
                0x08000d04                TIM1_CC_IRQHandler
                0x08000d04                DMA2_Stream5_IRQHandler
                0x08000d04                DMA1_Stream5_IRQHandler
                0x08000d04                PVD_IRQHandler
                0x08000d04                SDIO_IRQHandler
                0x08000d04                TAMP_STAMP_IRQHandler
                0x08000d04                EXTI3_IRQHandler
                0x08000d04                TIM1_UP_TIM10_IRQHandler
                0x08000d04                I2C3_ER_IRQHandler
                0x08000d04                EXTI0_IRQHandler
                0x08000d04                I2C2_EV_IRQHandler
                0x08000d04                DMA1_Stream2_IRQHandler
                0x08000d04                FPU_IRQHandler
                0x08000d04                SPI1_IRQHandler
                0x08000d04                TIM1_BRK_TIM9_IRQHandler
                0x08000d04                DMA2_Stream3_IRQHandler
                0x08000d04                USART6_IRQHandler
                0x08000d04                DMA2_Stream0_IRQHandler
                0x08000d04                TIM4_IRQHandler
                0x08000d04                I2C1_EV_IRQHandler
                0x08000d04                DMA1_Stream6_IRQHandler
                0x08000d04                DMA1_Stream1_IRQHandler
                0x08000d04                TIM3_IRQHandler
                0x08000d04                RCC_IRQHandler
                0x08000d04                Default_Handler
                0x08000d04                EXTI15_10_IRQHandler
                0x08000d04                ADC_IRQHandler
                0x08000d04                DMA1_Stream7_IRQHandler
                0x08000d04                SPI5_IRQHandler
                0x08000d04                TIM5_IRQHandler
                0x08000d04                DMA2_Stream7_IRQHandler
                0x08000d04                I2C3_EV_IRQHandler
                0x08000d04                EXTI9_5_IRQHandler
                0x08000d04                RTC_WKUP_IRQHandler
                0x08000d04                SPI2_IRQHandler
                0x08000d04                DMA1_Stream0_IRQHandler
                0x08000d04                EXTI4_IRQHandler
                0x08000d04                WWDG_IRQHandler
                0x08000d04                TIM2_IRQHandler
                0x08000d04                OTG_FS_WKUP_IRQHandler
                0x08000d04                TIM1_TRG_COM_TIM11_IRQHandler
                0x08000d04                EXTI1_IRQHandler
                0x08000d04                USART2_IRQHandler
                0x08000d04                I2C2_ER_IRQHandler
                0x08000d04                DMA2_Stream1_IRQHandler
                0x08000d04                FLASH_IRQHandler
                0x08000d04                DMA2_Stream4_IRQHandler
                0x08000d04                OTG_FS_IRQHandler
                0x08000d04                SPI3_IRQHandler
                0x08000d04                DMA1_Stream4_IRQHandler
                0x08000d04                I2C1_ER_IRQHandler
                0x08000d04                DMA2_Stream6_IRQHandler
                0x08000d04                DMA1_Stream3_IRQHandler
 *fill*         0x08000d06        0x2 
 .text.setSPI_Size
                0x08000d08       0x7c ./Drivers/LCD/lcd.o
 .text.setDMAMemMode
                0x08000d84      0x118 ./Drivers/LCD/lcd.o
 .text.LCD_WriteCommand
                0x08000e9c       0x58 ./Drivers/LCD/lcd.o
 .text.LCD_WriteData
                0x08000ef4       0xc4 ./Drivers/LCD/lcd.o
 .text.LCD_SetAddressWindow
                0x08000fb8       0xae ./Drivers/LCD/lcd.o
 *fill*         0x08001066        0x2 
 .text.LCD_DrawPixelFB
                0x08001068       0x60 ./Drivers/LCD/lcd.o
                0x08001068                LCD_DrawPixelFB
 .text.LCD_PutStr
                0x080010c8       0x40 ./Drivers/LCD/lcd.o
                0x080010c8                LCD_PutStr
 .text.LCD_TearEffect
                0x08001108       0x2c ./Drivers/LCD/lcd.o
                0x08001108                LCD_TearEffect
 .text.LCD_setPower
                0x08001134       0x2c ./Drivers/LCD/lcd.o
                0x08001134                LCD_setPower
 .text.LCD_Update
                0x08001160       0x38 ./Drivers/LCD/lcd.o
 .text.LCD_init
                0x08001198       0x90 ./Drivers/LCD/lcd.o
                0x08001198                LCD_init
 .text.HAL_Init
                0x08001228       0x44 ./Drivers/STM32F4xx_HAL_Driver/Src/stm32f4xx_hal.o
                0x08001228                HAL_Init
 .text.HAL_InitTick
                0x0800126c       0x60 ./Drivers/STM32F4xx_HAL_Driver/Src/stm32f4xx_hal.o
                0x0800126c                HAL_InitTick
 .text.HAL_IncTick
                0x080012cc       0x28 ./Drivers/STM32F4xx_HAL_Driver/Src/stm32f4xx_hal.o
                0x080012cc                HAL_IncTick
 .text.HAL_GetTick
                0x080012f4       0x18 ./Drivers/STM32F4xx_HAL_Driver/Src/stm32f4xx_hal.o
                0x080012f4                HAL_GetTick
 .text.HAL_Delay
                0x0800130c       0x48 ./Drivers/STM32F4xx_HAL_Driver/Src/stm32f4xx_hal.o
                0x0800130c                HAL_Delay
 .text.HAL_ADC_Init
                0x08001354       0x86 ./Drivers/STM32F4xx_HAL_Driver/Src/stm32f4xx_hal_adc.o
                0x08001354                HAL_ADC_Init
 *fill*         0x080013da        0x2 
 .text.HAL_ADC_ConfigChannel
                0x080013dc      0x264 ./Drivers/STM32F4xx_HAL_Driver/Src/stm32f4xx_hal_adc.o
                0x080013dc                HAL_ADC_ConfigChannel
 .text.ADC_Init
                0x08001640      0x1f8 ./Drivers/STM32F4xx_HAL_Driver/Src/stm32f4xx_hal_adc.o
 .text.__NVIC_SetPriorityGrouping
                0x08001838       0x48 ./Drivers/STM32F4xx_HAL_Driver/Src/stm32f4xx_hal_cortex.o
 .text.__NVIC_GetPriorityGrouping
                0x08001880       0x1c ./Drivers/STM32F4xx_HAL_Driver/Src/stm32f4xx_hal_cortex.o
 .text.__NVIC_EnableIRQ
                0x0800189c       0x3c ./Drivers/STM32F4xx_HAL_Driver/Src/stm32f4xx_hal_cortex.o
 .text.__NVIC_SetPriority
                0x080018d8       0x54 ./Drivers/STM32F4xx_HAL_Driver/Src/stm32f4xx_hal_cortex.o
 .text.NVIC_EncodePriority
                0x0800192c       0x66 ./Drivers/STM32F4xx_HAL_Driver/Src/stm32f4xx_hal_cortex.o
 *fill*         0x08001992        0x2 
 .text.SysTick_Config
                0x08001994       0x44 ./Drivers/STM32F4xx_HAL_Driver/Src/stm32f4xx_hal_cortex.o
 .text.HAL_NVIC_SetPriorityGrouping
                0x080019d8       0x16 ./Drivers/STM32F4xx_HAL_Driver/Src/stm32f4xx_hal_cortex.o
                0x080019d8                HAL_NVIC_SetPriorityGrouping
 .text.HAL_NVIC_SetPriority
                0x080019ee       0x38 ./Drivers/STM32F4xx_HAL_Driver/Src/stm32f4xx_hal_cortex.o
                0x080019ee                HAL_NVIC_SetPriority
 .text.HAL_NVIC_EnableIRQ
                0x08001a26       0x1c ./Drivers/STM32F4xx_HAL_Driver/Src/stm32f4xx_hal_cortex.o
                0x08001a26                HAL_NVIC_EnableIRQ
 .text.HAL_SYSTICK_Config
                0x08001a42       0x18 ./Drivers/STM32F4xx_HAL_Driver/Src/stm32f4xx_hal_cortex.o
                0x08001a42                HAL_SYSTICK_Config
 *fill*         0x08001a5a        0x2 
 .text.HAL_DMA_Init
                0x08001a5c      0x15c ./Drivers/STM32F4xx_HAL_Driver/Src/stm32f4xx_hal_dma.o
                0x08001a5c                HAL_DMA_Init
 .text.HAL_DMA_Start_IT
                0x08001bb8       0xb0 ./Drivers/STM32F4xx_HAL_Driver/Src/stm32f4xx_hal_dma.o
                0x08001bb8                HAL_DMA_Start_IT
 .text.HAL_DMA_Abort
                0x08001c68       0xe0 ./Drivers/STM32F4xx_HAL_Driver/Src/stm32f4xx_hal_dma.o
                0x08001c68                HAL_DMA_Abort
 .text.HAL_DMA_Abort_IT
                0x08001d48       0x44 ./Drivers/STM32F4xx_HAL_Driver/Src/stm32f4xx_hal_dma.o
                0x08001d48                HAL_DMA_Abort_IT
 .text.HAL_DMA_IRQHandler
                0x08001d8c      0x314 ./Drivers/STM32F4xx_HAL_Driver/Src/stm32f4xx_hal_dma.o
                0x08001d8c                HAL_DMA_IRQHandler
 .text.HAL_DMA_GetState
                0x080020a0       0x1c ./Drivers/STM32F4xx_HAL_Driver/Src/stm32f4xx_hal_dma.o
                0x080020a0                HAL_DMA_GetState
 .text.DMA_SetConfig
                0x080020bc       0x5c ./Drivers/STM32F4xx_HAL_Driver/Src/stm32f4xx_hal_dma.o
 .text.DMA_CalcBaseAndBitshift
                0x08002118       0x6c ./Drivers/STM32F4xx_HAL_Driver/Src/stm32f4xx_hal_dma.o
 .text.DMA_CheckFifoParam
                0x08002184       0xf8 ./Drivers/STM32F4xx_HAL_Driver/Src/stm32f4xx_hal_dma.o
 .text.HAL_GPIO_Init
                0x0800227c      0x308 ./Drivers/STM32F4xx_HAL_Driver/Src/stm32f4xx_hal_gpio.o
                0x0800227c                HAL_GPIO_Init
 .text.HAL_GPIO_WritePin
                0x08002584       0x32 ./Drivers/STM32F4xx_HAL_Driver/Src/stm32f4xx_hal_gpio.o
                0x08002584                HAL_GPIO_WritePin
 *fill*         0x080025b6        0x2 
 .text.HAL_RCC_OscConfig
                0x080025b8      0x4f0 ./Drivers/STM32F4xx_HAL_Driver/Src/stm32f4xx_hal_rcc.o
                0x080025b8                HAL_RCC_OscConfig
 .text.HAL_RCC_ClockConfig
                0x08002aa8      0x1cc ./Drivers/STM32F4xx_HAL_Driver/Src/stm32f4xx_hal_rcc.o
                0x08002aa8                HAL_RCC_ClockConfig
 .text.HAL_RCC_GetSysClockFreq
                0x08002c74      0x18c ./Drivers/STM32F4xx_HAL_Driver/Src/stm32f4xx_hal_rcc.o
                0x08002c74                HAL_RCC_GetSysClockFreq
 .text.HAL_RCC_GetHCLKFreq
                0x08002e00       0x18 ./Drivers/STM32F4xx_HAL_Driver/Src/stm32f4xx_hal_rcc.o
                0x08002e00                HAL_RCC_GetHCLKFreq
 .text.HAL_RCC_GetPCLK1Freq
                0x08002e18       0x28 ./Drivers/STM32F4xx_HAL_Driver/Src/stm32f4xx_hal_rcc.o
                0x08002e18                HAL_RCC_GetPCLK1Freq
 .text.HAL_RCC_GetPCLK2Freq
                0x08002e40       0x28 ./Drivers/STM32F4xx_HAL_Driver/Src/stm32f4xx_hal_rcc.o
                0x08002e40                HAL_RCC_GetPCLK2Freq
 .text.HAL_SPI_Init
                0x08002e68      0x112 ./Drivers/STM32F4xx_HAL_Driver/Src/stm32f4xx_hal_spi.o
                0x08002e68                HAL_SPI_Init
 .text.HAL_SPI_Transmit
                0x08002f7a      0x286 ./Drivers/STM32F4xx_HAL_Driver/Src/stm32f4xx_hal_spi.o
                0x08002f7a                HAL_SPI_Transmit
 .text.HAL_SPI_Transmit_DMA
                0x08003200      0x164 ./Drivers/STM32F4xx_HAL_Driver/Src/stm32f4xx_hal_spi.o
                0x08003200                HAL_SPI_Transmit_DMA
 .text.HAL_SPI_TxCpltCallback
                0x08003364       0x14 ./Drivers/STM32F4xx_HAL_Driver/Src/stm32f4xx_hal_spi.o
                0x08003364                HAL_SPI_TxCpltCallback
 .text.HAL_SPI_TxHalfCpltCallback
                0x08003378       0x14 ./Drivers/STM32F4xx_HAL_Driver/Src/stm32f4xx_hal_spi.o
                0x08003378                HAL_SPI_TxHalfCpltCallback
 .text.HAL_SPI_ErrorCallback
                0x0800338c       0x14 ./Drivers/STM32F4xx_HAL_Driver/Src/stm32f4xx_hal_spi.o
                0x0800338c                HAL_SPI_ErrorCallback
 .text.SPI_DMATransmitCplt
                0x080033a0       0xa8 ./Drivers/STM32F4xx_HAL_Driver/Src/stm32f4xx_hal_spi.o
 .text.SPI_DMAHalfTransmitCplt
                0x08003448       0x1c ./Drivers/STM32F4xx_HAL_Driver/Src/stm32f4xx_hal_spi.o
 .text.SPI_DMAError
                0x08003464       0x40 ./Drivers/STM32F4xx_HAL_Driver/Src/stm32f4xx_hal_spi.o
 .text.SPI_WaitFlagStateUntilTimeout
                0x080034a4      0x110 ./Drivers/STM32F4xx_HAL_Driver/Src/stm32f4xx_hal_spi.o
 .text.SPI_EndRxTxTransaction
                0x080035b4       0xa8 ./Drivers/STM32F4xx_HAL_Driver/Src/stm32f4xx_hal_spi.o
 .text.HAL_UART_Init
                0x0800365c       0xa0 ./Drivers/STM32F4xx_HAL_Driver/Src/stm32f4xx_hal_uart.o
                0x0800365c                HAL_UART_Init
 .text.HAL_UART_IRQHandler
                0x080036fc      0x524 ./Drivers/STM32F4xx_HAL_Driver/Src/stm32f4xx_hal_uart.o
                0x080036fc                HAL_UART_IRQHandler
 .text.HAL_UART_TxCpltCallback
                0x08003c20       0x14 ./Drivers/STM32F4xx_HAL_Driver/Src/stm32f4xx_hal_uart.o
                0x08003c20                HAL_UART_TxCpltCallback
 .text.HAL_UART_RxCpltCallback
                0x08003c34       0x14 ./Drivers/STM32F4xx_HAL_Driver/Src/stm32f4xx_hal_uart.o
                0x08003c34                HAL_UART_RxCpltCallback
 .text.HAL_UART_ErrorCallback
                0x08003c48       0x14 ./Drivers/STM32F4xx_HAL_Driver/Src/stm32f4xx_hal_uart.o
                0x08003c48                HAL_UART_ErrorCallback
 .text.HAL_UARTEx_RxEventCallback
                0x08003c5c       0x18 ./Drivers/STM32F4xx_HAL_Driver/Src/stm32f4xx_hal_uart.o
                0x08003c5c                HAL_UARTEx_RxEventCallback
 .text.UART_EndRxTransfer
                0x08003c74       0xc6 ./Drivers/STM32F4xx_HAL_Driver/Src/stm32f4xx_hal_uart.o
 .text.UART_DMAAbortOnError
                0x08003d3a       0x28 ./Drivers/STM32F4xx_HAL_Driver/Src/stm32f4xx_hal_uart.o
 .text.UART_Transmit_IT
                0x08003d62       0xa0 ./Drivers/STM32F4xx_HAL_Driver/Src/stm32f4xx_hal_uart.o
 .text.UART_EndTransmit_IT
                0x08003e02       0x30 ./Drivers/STM32F4xx_HAL_Driver/Src/stm32f4xx_hal_uart.o
 .text.UART_Receive_IT
                0x08003e32      0x17c ./Drivers/STM32F4xx_HAL_Driver/Src/stm32f4xx_hal_uart.o
 *fill*         0x08003fae        0x2 
 .text.UART_SetConfig
                0x08003fb0      0x4e8 ./Drivers/STM32F4xx_HAL_Driver/Src/stm32f4xx_hal_uart.o
 .text.ptr_8to16
                0x08004498       0x30 ./Drivers/UGUI/ugui.o
 .text.UG_Init  0x080044c8      0x134 ./Drivers/UGUI/ugui.o
                0x080044c8                UG_Init
 .text.UG_FontSelect
                0x080045fc       0x20 ./Drivers/UGUI/ugui.o
                0x080045fc                UG_FontSelect
 .text.UG_FillScreen
                0x0800461c       0x48 ./Drivers/UGUI/ugui.o
                0x0800461c                UG_FillScreen
 .text.UG_FillFrame
                0x08004664       0xe4 ./Drivers/UGUI/ugui.o
                0x08004664                UG_FillFrame
 .text.UG_DrawPixel
                0x08004748       0x34 ./Drivers/UGUI/ugui.o
                0x08004748                UG_DrawPixel
 .text.UG_DrawLine
                0x0800477c      0x1c0 ./Drivers/UGUI/ugui.o
                0x0800477c                UG_DrawLine
 .text.UG_PutString
                0x0800493c      0x130 ./Drivers/UGUI/ugui.o
                0x0800493c                UG_PutString
 .text.UG_SetForecolor
                0x08004a6c       0x24 ./Drivers/UGUI/ugui.o
                0x08004a6c                UG_SetForecolor
 .text.UG_SetBackcolor
                0x08004a90       0x24 ./Drivers/UGUI/ugui.o
                0x08004a90                UG_SetBackcolor
 .text.UG_FontSetHSpace
                0x08004ab4       0x28 ./Drivers/UGUI/ugui.o
                0x08004ab4                UG_FontSetHSpace
 .text.UG_FontSetVSpace
                0x08004adc       0x28 ./Drivers/UGUI/ugui.o
                0x08004adc                UG_FontSetVSpace
 .text.UG_FontSetTransparency
                0x08004b04       0x24 ./Drivers/UGUI/ugui.o
                0x08004b04                UG_FontSetTransparency
 .text.UG_FontGetTransparency
                0x08004b28       0x1c ./Drivers/UGUI/ugui.o
                0x08004b28                UG_FontGetTransparency
 .text._UG_DecodeUTF8
                0x08004b44       0xee ./Drivers/UGUI/ugui.o
 *fill*         0x08004c32        0x2 
 .text._UG_GetCharData
                0x08004c34      0x298 ./Drivers/UGUI/ugui.o
 .text._UG_FontSelect
                0x08004ecc      0x104 ./Drivers/UGUI/ugui.o
 .text._UG_PutChar
                0x08004fd0      0x4c4 ./Drivers/UGUI/ugui.o
 .text._UG_ProcessTouchData
                0x08005494      0x16c ./Drivers/UGUI/ugui.o
 .text._UG_UpdateObjects
                0x08005600       0x92 ./Drivers/UGUI/ugui.o
 *fill*         0x08005692        0x2 
 .text._UG_HandleEvents
                0x08005694       0x98 ./Drivers/UGUI/ugui.o
 .text._UG_PutText
                0x0800572c      0x288 ./Drivers/UGUI/ugui.o
                0x0800572c                _UG_PutText
 .text._UG_DrawObjectFrame
                0x080059b4      0x242 ./Drivers/UGUI/ugui.o
                0x080059b4                _UG_DrawObjectFrame
 *fill*         0x08005bf6        0x2 
 .text.UG_Update
                0x08005bf8      0x184 ./Drivers/UGUI/ugui.o
                0x08005bf8                UG_Update
 .text.UG_DrawBMP
                0x08005d7c      0x244 ./Drivers/UGUI/ugui.o
                0x08005d7c                UG_DrawBMP
 .text._UG_WindowDrawTitle
                0x08005fc0      0x150 ./Drivers/UGUI/ugui.o
 .text._UG_WindowUpdate
                0x08006110      0x17c ./Drivers/UGUI/ugui.o
 .text.memset   0x0800628c       0x10 D:/Projetos Pessoais/STM32/STM32CubeIDE_1.15.1/STM32CubeIDE/plugins/com.st.stm32cube.ide.mcu.externaltools.gnu-tools-for-stm32.12.3.rel1.win32_1.0.100.202403111256/tools/bin/../lib/gcc/arm-none-eabi/12.3.1/../../../../arm-none-eabi/lib/thumb/v7e-m+fp/hard\libc_nano.a(libc_a-memset.o)
                0x0800628c                memset
 .text.__libc_init_array
                0x0800629c       0x48 D:/Projetos Pessoais/STM32/STM32CubeIDE_1.15.1/STM32CubeIDE/plugins/com.st.stm32cube.ide.mcu.externaltools.gnu-tools-for-stm32.12.3.rel1.win32_1.0.100.202403111256/tools/bin/../lib/gcc/arm-none-eabi/12.3.1/../../../../arm-none-eabi/lib/thumb/v7e-m+fp/hard\libc_nano.a(libc_a-init.o)
                0x0800629c                __libc_init_array
 *(.glue_7)
 .glue_7        0x080062e4        0x0 linker stubs
 *(.glue_7t)
 .glue_7t       0x080062e4        0x0 linker stubs
 *(.eh_frame)
 .eh_frame      0x080062e4        0x0 D:/Projetos Pessoais/STM32/STM32CubeIDE_1.15.1/STM32CubeIDE/plugins/com.st.stm32cube.ide.mcu.externaltools.gnu-tools-for-stm32.12.3.rel1.win32_1.0.100.202403111256/tools/bin/../lib/gcc/arm-none-eabi/12.3.1/thumb/v7e-m+fp/hard/crtbegin.o
 *(.init)
 .init          0x080062e4        0x4 D:/Projetos Pessoais/STM32/STM32CubeIDE_1.15.1/STM32CubeIDE/plugins/com.st.stm32cube.ide.mcu.externaltools.gnu-tools-for-stm32.12.3.rel1.win32_1.0.100.202403111256/tools/bin/../lib/gcc/arm-none-eabi/12.3.1/thumb/v7e-m+fp/hard/crti.o
                0x080062e4                _init
 .init          0x080062e8        0x8 D:/Projetos Pessoais/STM32/STM32CubeIDE_1.15.1/STM32CubeIDE/plugins/com.st.stm32cube.ide.mcu.externaltools.gnu-tools-for-stm32.12.3.rel1.win32_1.0.100.202403111256/tools/bin/../lib/gcc/arm-none-eabi/12.3.1/thumb/v7e-m+fp/hard/crtn.o
 *(.fini)
 .fini          0x080062f0        0x4 D:/Projetos Pessoais/STM32/STM32CubeIDE_1.15.1/STM32CubeIDE/plugins/com.st.stm32cube.ide.mcu.externaltools.gnu-tools-for-stm32.12.3.rel1.win32_1.0.100.202403111256/tools/bin/../lib/gcc/arm-none-eabi/12.3.1/thumb/v7e-m+fp/hard/crti.o
                0x080062f0                _fini
 .fini          0x080062f4        0x8 D:/Projetos Pessoais/STM32/STM32CubeIDE_1.15.1/STM32CubeIDE/plugins/com.st.stm32cube.ide.mcu.externaltools.gnu-tools-for-stm32.12.3.rel1.win32_1.0.100.202403111256/tools/bin/../lib/gcc/arm-none-eabi/12.3.1/thumb/v7e-m+fp/hard/crtn.o
                0x080062fc                        . = ALIGN (0x4)
                0x080062fc                        _etext = .

.vfp11_veneer   0x080062fc        0x0
 .vfp11_veneer  0x080062fc        0x0 linker stubs

.v4_bx          0x080062fc        0x0
 .v4_bx         0x080062fc        0x0 linker stubs

.iplt           0x080062fc        0x0
 .iplt          0x080062fc        0x0 D:/Projetos Pessoais/STM32/STM32CubeIDE_1.15.1/STM32CubeIDE/plugins/com.st.stm32cube.ide.mcu.externaltools.gnu-tools-for-stm32.12.3.rel1.win32_1.0.100.202403111256/tools/bin/../lib/gcc/arm-none-eabi/12.3.1/thumb/v7e-m+fp/hard/crtbegin.o

.rodata         0x080062fc    0x1caa4
                0x080062fc                        . = ALIGN (0x4)
 *(.rodata)
 .rodata        0x080062fc        0xe ./Core/Src/main.o
 *(.rodata*)
 *fill*         0x0800630a        0x2 
 .rodata.AHBPrescTable
                0x0800630c       0x10 ./Core/Src/system_stm32f4xx.o
                0x0800630c                AHBPrescTable
 .rodata.APBPrescTable
                0x0800631c        0x8 ./Core/Src/system_stm32f4xx.o
                0x0800631c                APBPrescTable
 .rodata.shuttle_data
                0x08006324    0x1c200 ./Drivers/LCD/images.o
                0x08006324                shuttle_data
 .rodata.init_cmd
                0x08022524       0x4c ./Drivers/LCD/lcd.o
                0x08022524                init_cmd
 .rodata.flagBitshiftOffset.0
                0x08022570        0x8 ./Drivers/STM32F4xx_HAL_Driver/Src/stm32f4xx_hal_dma.o
 .rodata.FONT_6X8
                0x08022578      0x80e ./Drivers/UGUI/font_6x8.o
                0x08022578                FONT_6X8
 *fill*         0x08022d86        0x2 
 .rodata.pal_window
                0x08022d88       0x18 ./Drivers/UGUI/ugui.o
                0x08022da0                        . = ALIGN (0x4)

.ARM.extab      0x08022da0        0x0
                0x08022da0                        . = ALIGN (0x4)
 *(.ARM.extab* .gnu.linkonce.armextab.*)
                0x08022da0                        . = ALIGN (0x4)

.ARM            0x08022da0        0x8
                0x08022da0                        . = ALIGN (0x4)
                0x08022da0                        __exidx_start = .
 *(.ARM.exidx*)
 .ARM.exidx     0x08022da0        0x8 D:/Projetos Pessoais/STM32/STM32CubeIDE_1.15.1/STM32CubeIDE/plugins/com.st.stm32cube.ide.mcu.externaltools.gnu-tools-for-stm32.12.3.rel1.win32_1.0.100.202403111256/tools/bin/../lib/gcc/arm-none-eabi/12.3.1/thumb/v7e-m+fp/hard\libgcc.a(_udivmoddi4.o)
                0x08022da8                        __exidx_end = .
                0x08022da8                        . = ALIGN (0x4)

.preinit_array  0x08022da8        0x0
                0x08022da8                        . = ALIGN (0x4)
                0x08022da8                        PROVIDE (__preinit_array_start = .)
 *(.preinit_array*)
                0x08022da8                        PROVIDE (__preinit_array_end = .)
                0x08022da8                        . = ALIGN (0x4)

.init_array     0x08022da8        0x4
                0x08022da8                        . = ALIGN (0x4)
                0x08022da8                        PROVIDE (__init_array_start = .)
 *(SORT_BY_NAME(.init_array.*))
 *(.init_array*)
 .init_array    0x08022da8        0x4 D:/Projetos Pessoais/STM32/STM32CubeIDE_1.15.1/STM32CubeIDE/plugins/com.st.stm32cube.ide.mcu.externaltools.gnu-tools-for-stm32.12.3.rel1.win32_1.0.100.202403111256/tools/bin/../lib/gcc/arm-none-eabi/12.3.1/thumb/v7e-m+fp/hard/crtbegin.o
                0x08022dac                        PROVIDE (__init_array_end = .)
                0x08022dac                        . = ALIGN (0x4)

.fini_array     0x08022dac        0x4
                0x08022dac                        . = ALIGN (0x4)
                [!provide]                        PROVIDE (__fini_array_start = .)
 *(SORT_BY_NAME(.fini_array.*))
 *(.fini_array*)
 .fini_array    0x08022dac        0x4 D:/Projetos Pessoais/STM32/STM32CubeIDE_1.15.1/STM32CubeIDE/plugins/com.st.stm32cube.ide.mcu.externaltools.gnu-tools-for-stm32.12.3.rel1.win32_1.0.100.202403111256/tools/bin/../lib/gcc/arm-none-eabi/12.3.1/thumb/v7e-m+fp/hard/crtbegin.o
                [!provide]                        PROVIDE (__fini_array_end = .)
                0x08022db0                        . = ALIGN (0x4)
                0x08022db0                        _sidata = LOADADDR (.data)

.rel.dyn        0x08022db0        0x0
 .rel.iplt      0x08022db0        0x0 D:/Projetos Pessoais/STM32/STM32CubeIDE_1.15.1/STM32CubeIDE/plugins/com.st.stm32cube.ide.mcu.externaltools.gnu-tools-for-stm32.12.3.rel1.win32_1.0.100.202403111256/tools/bin/../lib/gcc/arm-none-eabi/12.3.1/thumb/v7e-m+fp/hard/crtbegin.o

.data           0x20000000       0x28 load address 0x08022db0
                0x20000000                        . = ALIGN (0x4)
                0x20000000                        _sdata = .
 *(.data)
 *(.data*)
 .data.SystemCoreClock
                0x20000000        0x4 ./Core/Src/system_stm32f4xx.o
                0x20000000                SystemCoreClock
 .data.shuttle  0x20000004        0xc ./Drivers/LCD/images.o
                0x20000004                shuttle
 .data.config   0x20000010        0x3 ./Drivers/LCD/lcd.o
                0x20000010                config
 *fill*         0x20000013        0x1 
 .data.device   0x20000014        0xc ./Drivers/LCD/lcd.o
 .data.uwTickPrio
                0x20000020        0x4 ./Drivers/STM32F4xx_HAL_Driver/Src/stm32f4xx_hal.o
                0x20000020                uwTickPrio
 .data.uwTickFreq
                0x20000024        0x1 ./Drivers/STM32F4xx_HAL_Driver/Src/stm32f4xx_hal.o
                0x20000024                uwTickFreq
 *(.RamFunc)
 *(.RamFunc*)
                0x20000028                        . = ALIGN (0x4)
 *fill*         0x20000025        0x3 
                0x20000028                        _edata = .

.igot.plt       0x20000028        0x0 load address 0x08022dd8
 .igot.plt      0x20000028        0x0 D:/Projetos Pessoais/STM32/STM32CubeIDE_1.15.1/STM32CubeIDE/plugins/com.st.stm32cube.ide.mcu.externaltools.gnu-tools-for-stm32.12.3.rel1.win32_1.0.100.202403111256/tools/bin/../lib/gcc/arm-none-eabi/12.3.1/thumb/v7e-m+fp/hard/crtbegin.o
                0x20000028                        . = ALIGN (0x4)

.bss            0x20000028    0x1c3f8 load address 0x08022dd8
                0x20000028                        _sbss = .
                0x20000028                        __bss_start__ = _sbss
 *(.bss)
 .bss           0x20000028       0x1c D:/Projetos Pessoais/STM32/STM32CubeIDE_1.15.1/STM32CubeIDE/plugins/com.st.stm32cube.ide.mcu.externaltools.gnu-tools-for-stm32.12.3.rel1.win32_1.0.100.202403111256/tools/bin/../lib/gcc/arm-none-eabi/12.3.1/thumb/v7e-m+fp/hard/crtbegin.o
 *(.bss*)
 .bss.hadc1     0x20000044       0x48 ./Core/Src/main.o
                0x20000044                hadc1
 .bss.hspi1     0x2000008c       0x58 ./Core/Src/main.o
                0x2000008c                hspi1
 .bss.hdma_spi1_tx
                0x200000e4       0x60 ./Core/Src/main.o
                0x200000e4                hdma_spi1_tx
 .bss.huart1    0x20000144       0x48 ./Core/Src/main.o
                0x20000144                huart1
 .bss.fb        0x2000018c    0x1c200 ./Drivers/LCD/lcd.o
 .bss.gui       0x2001c38c       0x74 ./Drivers/LCD/lcd.o
 .bss.uwTick    0x2001c400        0x4 ./Drivers/STM32F4xx_HAL_Driver/Src/stm32f4xx_hal.o
                0x2001c400                uwTick
 .bss.gui       0x2001c404        0x4 ./Drivers/UGUI/ugui.o
 .bss.last_font.4
                0x2001c408        0x4 ./Drivers/UGUI/ugui.o
 .bss.last_encoding.3
                0x2001c40c        0x2 ./Drivers/UGUI/ugui.o
 *fill*         0x2001c40e        0x2 
 .bss.last_p.2  0x2001c410        0x4 ./Drivers/UGUI/ugui.o
 .bss.last_width.1
                0x2001c414        0x2 ./Drivers/UGUI/ugui.o
 *fill*         0x2001c416        0x2 
 .bss.msg.0     0x2001c418        0x8 ./Drivers/UGUI/ugui.o
 *(COMMON)
                0x2001c420                        . = ALIGN (0x4)
                0x2001c420                        _ebss = .
                0x2001c420                        __bss_end__ = _ebss

._user_heap_stack
                0x2001c420      0x600 load address 0x08022dd8
                0x2001c420                        . = ALIGN (0x8)
                [!provide]                        PROVIDE (end = .)
                0x2001c420                        PROVIDE (_end = .)
                0x2001c620                        . = (. + _Min_Heap_Size)
 *fill*         0x2001c420      0x200 
                0x2001ca20                        . = (. + _Min_Stack_Size)
 *fill*         0x2001c620      0x400 
                0x2001ca20                        . = ALIGN (0x8)

/DISCARD/
 libc.a(*)
 libm.a(*)
 libgcc.a(*)

.ARM.attributes
                0x00000000       0x30
 *(.ARM.attributes)
 .ARM.attributes
                0x00000000       0x22 D:/Projetos Pessoais/STM32/STM32CubeIDE_1.15.1/STM32CubeIDE/plugins/com.st.stm32cube.ide.mcu.externaltools.gnu-tools-for-stm32.12.3.rel1.win32_1.0.100.202403111256/tools/bin/../lib/gcc/arm-none-eabi/12.3.1/thumb/v7e-m+fp/hard/crti.o
 .ARM.attributes
                0x00000022       0x34 D:/Projetos Pessoais/STM32/STM32CubeIDE_1.15.1/STM32CubeIDE/plugins/com.st.stm32cube.ide.mcu.externaltools.gnu-tools-for-stm32.12.3.rel1.win32_1.0.100.202403111256/tools/bin/../lib/gcc/arm-none-eabi/12.3.1/thumb/v7e-m+fp/hard/crtbegin.o
 .ARM.attributes
                0x00000056       0x34 ./Core/Src/main.o
 .ARM.attributes
                0x0000008a       0x34 ./Core/Src/stm32f4xx_hal_msp.o
 .ARM.attributes
                0x000000be       0x34 ./Core/Src/stm32f4xx_it.o
 .ARM.attributes
                0x000000f2       0x34 ./Core/Src/system_stm32f4xx.o
 .ARM.attributes
                0x00000126       0x21 ./Core/Startup/startup_stm32f411ceux.o
 .ARM.attributes
                0x00000147       0x34 ./Drivers/LCD/images.o
 .ARM.attributes
                0x0000017b       0x34 ./Drivers/LCD/lcd.o
 .ARM.attributes
                0x000001af       0x34 ./Drivers/STM32F4xx_HAL_Driver/Src/stm32f4xx_hal.o
 .ARM.attributes
                0x000001e3       0x34 ./Drivers/STM32F4xx_HAL_Driver/Src/stm32f4xx_hal_adc.o
 .ARM.attributes
                0x00000217       0x34 ./Drivers/STM32F4xx_HAL_Driver/Src/stm32f4xx_hal_cortex.o
 .ARM.attributes
                0x0000024b       0x34 ./Drivers/STM32F4xx_HAL_Driver/Src/stm32f4xx_hal_dma.o
 .ARM.attributes
                0x0000027f       0x34 ./Drivers/STM32F4xx_HAL_Driver/Src/stm32f4xx_hal_gpio.o
 .ARM.attributes
                0x000002b3       0x34 ./Drivers/STM32F4xx_HAL_Driver/Src/stm32f4xx_hal_rcc.o
 .ARM.attributes
                0x000002e7       0x34 ./Drivers/STM32F4xx_HAL_Driver/Src/stm32f4xx_hal_spi.o
 .ARM.attributes
                0x0000031b       0x34 ./Drivers/STM32F4xx_HAL_Driver/Src/stm32f4xx_hal_uart.o
 .ARM.attributes
                0x0000034f       0x34 ./Drivers/UGUI/font_6x8.o
 .ARM.attributes
                0x00000383       0x34 ./Drivers/UGUI/ugui.o
 .ARM.attributes
                0x000003b7       0x34 D:/Projetos Pessoais/STM32/STM32CubeIDE_1.15.1/STM32CubeIDE/plugins/com.st.stm32cube.ide.mcu.externaltools.gnu-tools-for-stm32.12.3.rel1.win32_1.0.100.202403111256/tools/bin/../lib/gcc/arm-none-eabi/12.3.1/../../../../arm-none-eabi/lib/thumb/v7e-m+fp/hard\libc_nano.a(libc_a-memset.o)
 .ARM.attributes
                0x000003eb       0x34 D:/Projetos Pessoais/STM32/STM32CubeIDE_1.15.1/STM32CubeIDE/plugins/com.st.stm32cube.ide.mcu.externaltools.gnu-tools-for-stm32.12.3.rel1.win32_1.0.100.202403111256/tools/bin/../lib/gcc/arm-none-eabi/12.3.1/../../../../arm-none-eabi/lib/thumb/v7e-m+fp/hard\libc_nano.a(libc_a-init.o)
 .ARM.attributes
                0x0000041f       0x22 D:/Projetos Pessoais/STM32/STM32CubeIDE_1.15.1/STM32CubeIDE/plugins/com.st.stm32cube.ide.mcu.externaltools.gnu-tools-for-stm32.12.3.rel1.win32_1.0.100.202403111256/tools/bin/../lib/gcc/arm-none-eabi/12.3.1/thumb/v7e-m+fp/hard\libgcc.a(_aeabi_uldivmod.o)
 .ARM.attributes
                0x00000441       0x34 D:/Projetos Pessoais/STM32/STM32CubeIDE_1.15.1/STM32CubeIDE/plugins/com.st.stm32cube.ide.mcu.externaltools.gnu-tools-for-stm32.12.3.rel1.win32_1.0.100.202403111256/tools/bin/../lib/gcc/arm-none-eabi/12.3.1/thumb/v7e-m+fp/hard\libgcc.a(_udivmoddi4.o)
 .ARM.attributes
                0x00000475       0x22 D:/Projetos Pessoais/STM32/STM32CubeIDE_1.15.1/STM32CubeIDE/plugins/com.st.stm32cube.ide.mcu.externaltools.gnu-tools-for-stm32.12.3.rel1.win32_1.0.100.202403111256/tools/bin/../lib/gcc/arm-none-eabi/12.3.1/thumb/v7e-m+fp/hard\libgcc.a(_dvmd_tls.o)
 .ARM.attributes
                0x00000497       0x22 D:/Projetos Pessoais/STM32/STM32CubeIDE_1.15.1/STM32CubeIDE/plugins/com.st.stm32cube.ide.mcu.externaltools.gnu-tools-for-stm32.12.3.rel1.win32_1.0.100.202403111256/tools/bin/../lib/gcc/arm-none-eabi/12.3.1/thumb/v7e-m+fp/hard/crtn.o
OUTPUT(ST7789_uGUI_example.elf elf32-littlearm)
LOAD linker stubs
LOAD D:/Projetos Pessoais/STM32/STM32CubeIDE_1.15.1/STM32CubeIDE/plugins/com.st.stm32cube.ide.mcu.externaltools.gnu-tools-for-stm32.12.3.rel1.win32_1.0.100.202403111256/tools/bin/../lib/gcc/arm-none-eabi/12.3.1/../../../../arm-none-eabi/lib/thumb/v7e-m+fp/hard\libc.a
LOAD D:/Projetos Pessoais/STM32/STM32CubeIDE_1.15.1/STM32CubeIDE/plugins/com.st.stm32cube.ide.mcu.externaltools.gnu-tools-for-stm32.12.3.rel1.win32_1.0.100.202403111256/tools/bin/../lib/gcc/arm-none-eabi/12.3.1/../../../../arm-none-eabi/lib/thumb/v7e-m+fp/hard\libm.a
LOAD D:/Projetos Pessoais/STM32/STM32CubeIDE_1.15.1/STM32CubeIDE/plugins/com.st.stm32cube.ide.mcu.externaltools.gnu-tools-for-stm32.12.3.rel1.win32_1.0.100.202403111256/tools/bin/../lib/gcc/arm-none-eabi/12.3.1/thumb/v7e-m+fp/hard\libgcc.a

.debug_info     0x00000000     0xfea9
 .debug_info    0x00000000     0x1563 ./Core/Src/main.o
 .debug_info    0x00001563     0x114f ./Core/Src/stm32f4xx_hal_msp.o
 .debug_info    0x000026b2      0x66d ./Core/Src/stm32f4xx_it.o
 .debug_info    0x00002d1f      0x53e ./Core/Src/system_stm32f4xx.o
 .debug_info    0x0000325d       0x30 ./Core/Startup/startup_stm32f411ceux.o
 .debug_info    0x0000328d      0x165 ./Drivers/LCD/images.o
 .debug_info    0x000033f2     0x210a ./Drivers/LCD/lcd.o
 .debug_info    0x000054fc      0x8c4 ./Drivers/STM32F4xx_HAL_Driver/Src/stm32f4xx_hal.o
 .debug_info    0x00005dc0      0xcd1 ./Drivers/STM32F4xx_HAL_Driver/Src/stm32f4xx_hal_adc.o
 .debug_info    0x00006a91      0xcc7 ./Drivers/STM32F4xx_HAL_Driver/Src/stm32f4xx_hal_cortex.o
 .debug_info    0x00007758      0x8e6 ./Drivers/STM32F4xx_HAL_Driver/Src/stm32f4xx_hal_dma.o
 .debug_info    0x0000803e      0x6f9 ./Drivers/STM32F4xx_HAL_Driver/Src/stm32f4xx_hal_gpio.o
 .debug_info    0x00008737      0x8f2 ./Drivers/STM32F4xx_HAL_Driver/Src/stm32f4xx_hal_rcc.o
 .debug_info    0x00009029     0x1606 ./Drivers/STM32F4xx_HAL_Driver/Src/stm32f4xx_hal_spi.o
 .debug_info    0x0000a62f     0x2f56 ./Drivers/STM32F4xx_HAL_Driver/Src/stm32f4xx_hal_uart.o
 .debug_info    0x0000d585       0xf0 ./Drivers/UGUI/font_6x8.o
 .debug_info    0x0000d675     0x2834 ./Drivers/UGUI/ugui.o

.debug_abbrev   0x00000000     0x2446
 .debug_abbrev  0x00000000      0x30e ./Core/Src/main.o
 .debug_abbrev  0x0000030e      0x236 ./Core/Src/stm32f4xx_hal_msp.o
 .debug_abbrev  0x00000544      0x183 ./Core/Src/stm32f4xx_it.o
 .debug_abbrev  0x000006c7      0x11a ./Core/Src/system_stm32f4xx.o
 .debug_abbrev  0x000007e1       0x24 ./Core/Startup/startup_stm32f411ceux.o
 .debug_abbrev  0x00000805       0xc7 ./Drivers/LCD/images.o
 .debug_abbrev  0x000008cc      0x3b7 ./Drivers/LCD/lcd.o
 .debug_abbrev  0x00000c83      0x24b ./Drivers/STM32F4xx_HAL_Driver/Src/stm32f4xx_hal.o
 .debug_abbrev  0x00000ece      0x20e ./Drivers/STM32F4xx_HAL_Driver/Src/stm32f4xx_hal_adc.o
 .debug_abbrev  0x000010dc      0x328 ./Drivers/STM32F4xx_HAL_Driver/Src/stm32f4xx_hal_cortex.o
 .debug_abbrev  0x00001404      0x221 ./Drivers/STM32F4xx_HAL_Driver/Src/stm32f4xx_hal_dma.o
 .debug_abbrev  0x00001625      0x1d3 ./Drivers/STM32F4xx_HAL_Driver/Src/stm32f4xx_hal_gpio.o
 .debug_abbrev  0x000017f8      0x2b5 ./Drivers/STM32F4xx_HAL_Driver/Src/stm32f4xx_hal_rcc.o
 .debug_abbrev  0x00001aad      0x280 ./Drivers/STM32F4xx_HAL_Driver/Src/stm32f4xx_hal_spi.o
 .debug_abbrev  0x00001d2d      0x31b ./Drivers/STM32F4xx_HAL_Driver/Src/stm32f4xx_hal_uart.o
 .debug_abbrev  0x00002048       0x79 ./Drivers/UGUI/font_6x8.o
 .debug_abbrev  0x000020c1      0x385 ./Drivers/UGUI/ugui.o

.debug_aranges  0x00000000      0xde8
 .debug_aranges
                0x00000000       0x58 ./Core/Src/main.o
 .debug_aranges
                0x00000058       0x50 ./Core/Src/stm32f4xx_hal_msp.o
 .debug_aranges
                0x000000a8       0x70 ./Core/Src/stm32f4xx_it.o
 .debug_aranges
                0x00000118       0x28 ./Core/Src/system_stm32f4xx.o
 .debug_aranges
                0x00000140       0x28 ./Core/Startup/startup_stm32f411ceux.o
 .debug_aranges
                0x00000168       0x18 ./Drivers/LCD/images.o
 .debug_aranges
                0x00000180       0xd8 ./Drivers/LCD/lcd.o
 .debug_aranges
                0x00000258       0xf0 ./Drivers/STM32F4xx_HAL_Driver/Src/stm32f4xx_hal.o
 .debug_aranges
                0x00000348       0xe8 ./Drivers/STM32F4xx_HAL_Driver/Src/stm32f4xx_hal_adc.o
 .debug_aranges
                0x00000430      0x120 ./Drivers/STM32F4xx_HAL_Driver/Src/stm32f4xx_hal_cortex.o
 .debug_aranges
                0x00000550       0x90 ./Drivers/STM32F4xx_HAL_Driver/Src/stm32f4xx_hal_dma.o
 .debug_aranges
                0x000005e0       0x58 ./Drivers/STM32F4xx_HAL_Driver/Src/stm32f4xx_hal_gpio.o
 .debug_aranges
                0x00000638       0x88 ./Drivers/STM32F4xx_HAL_Driver/Src/stm32f4xx_hal_rcc.o
 .debug_aranges
                0x000006c0      0x1d0 ./Drivers/STM32F4xx_HAL_Driver/Src/stm32f4xx_hal_spi.o
 .debug_aranges
                0x00000890      0x208 ./Drivers/STM32F4xx_HAL_Driver/Src/stm32f4xx_hal_uart.o
 .debug_aranges
                0x00000a98       0x18 ./Drivers/UGUI/font_6x8.o
 .debug_aranges
                0x00000ab0      0x338 ./Drivers/UGUI/ugui.o

.debug_rnglists
                0x00000000      0xaaf
 .debug_rnglists
                0x00000000       0x41 ./Core/Src/main.o
 .debug_rnglists
                0x00000041       0x3a ./Core/Src/stm32f4xx_hal_msp.o
 .debug_rnglists
                0x0000007b       0x4f ./Core/Src/stm32f4xx_it.o
 .debug_rnglists
                0x000000ca       0x1a ./Core/Src/system_stm32f4xx.o
 .debug_rnglists
                0x000000e4       0x19 ./Core/Startup/startup_stm32f411ceux.o
 .debug_rnglists
                0x000000fd       0xa5 ./Drivers/LCD/lcd.o
 .debug_rnglists
                0x000001a2       0xaf ./Drivers/STM32F4xx_HAL_Driver/Src/stm32f4xx_hal.o
 .debug_rnglists
                0x00000251       0xb5 ./Drivers/STM32F4xx_HAL_Driver/Src/stm32f4xx_hal_adc.o
 .debug_rnglists
                0x00000306       0xd4 ./Drivers/STM32F4xx_HAL_Driver/Src/stm32f4xx_hal_cortex.o
 .debug_rnglists
                0x000003da       0x70 ./Drivers/STM32F4xx_HAL_Driver/Src/stm32f4xx_hal_dma.o
 .debug_rnglists
                0x0000044a       0x3f ./Drivers/STM32F4xx_HAL_Driver/Src/stm32f4xx_hal_gpio.o
 .debug_rnglists
                0x00000489       0x66 ./Drivers/STM32F4xx_HAL_Driver/Src/stm32f4xx_hal_rcc.o
 .debug_rnglists
                0x000004ef      0x16f ./Drivers/STM32F4xx_HAL_Driver/Src/stm32f4xx_hal_spi.o
 .debug_rnglists
                0x0000065e      0x1bc ./Drivers/STM32F4xx_HAL_Driver/Src/stm32f4xx_hal_uart.o
 .debug_rnglists
                0x0000081a      0x295 ./Drivers/UGUI/ugui.o

.debug_macro    0x00000000    0x180aa
 .debug_macro   0x00000000      0x37b ./Core/Src/main.o
 .debug_macro   0x0000037b      0xab4 ./Core/Src/main.o
 .debug_macro   0x00000e2f      0x2a1 ./Core/Src/main.o
 .debug_macro   0x000010d0       0x2e ./Core/Src/main.o
 .debug_macro   0x000010fe       0x28 ./Core/Src/main.o
 .debug_macro   0x00001126       0x22 ./Core/Src/main.o
 .debug_macro   0x00001148       0x8e ./Core/Src/main.o
 .debug_macro   0x000011d6       0x51 ./Core/Src/main.o
 .debug_macro   0x00001227      0x103 ./Core/Src/main.o
 .debug_macro   0x0000132a       0x6a ./Core/Src/main.o
 .debug_macro   0x00001394      0x1df ./Core/Src/main.o
 .debug_macro   0x00001573       0x1c ./Core/Src/main.o
 .debug_macro   0x0000158f       0x22 ./Core/Src/main.o
 .debug_macro   0x000015b1       0xfb ./Core/Src/main.o
 .debug_macro   0x000016ac     0x1011 ./Core/Src/main.o
 .debug_macro   0x000026bd      0x11f ./Core/Src/main.o
 .debug_macro   0x000027dc     0xb953 ./Core/Src/main.o
 .debug_macro   0x0000e12f       0x6d ./Core/Src/main.o
 .debug_macro   0x0000e19c     0x368c ./Core/Src/main.o
 .debug_macro   0x00011828      0x189 ./Core/Src/main.o
 .debug_macro   0x000119b1       0x5c ./Core/Src/main.o
 .debug_macro   0x00011a0d      0x45c ./Core/Src/main.o
 .debug_macro   0x00011e69      0x9e9 ./Core/Src/main.o
 .debug_macro   0x00012852      0x115 ./Core/Src/main.o
 .debug_macro   0x00012967      0x11b ./Core/Src/main.o
 .debug_macro   0x00012a82       0xa5 ./Core/Src/main.o
 .debug_macro   0x00012b27      0x15f ./Core/Src/main.o
 .debug_macro   0x00012c86      0x287 ./Core/Src/main.o
 .debug_macro   0x00012f0d       0x5f ./Core/Src/main.o
 .debug_macro   0x00012f6c      0x236 ./Core/Src/main.o
 .debug_macro   0x000131a2      0x9e1 ./Core/Src/main.o
 .debug_macro   0x00013b83      0x38b ./Core/Src/main.o
 .debug_macro   0x00013f0e      0x17d ./Core/Src/main.o
 .debug_macro   0x0001408b       0xf9 ./Core/Src/main.o
 .debug_macro   0x00014184      0x132 ./Core/Src/main.o
 .debug_macro   0x000142b6      0x264 ./Core/Src/main.o
 .debug_macro   0x0001451a       0x2e ./Core/Src/main.o
 .debug_macro   0x00014548      0x127 ./Core/Src/main.o
 .debug_macro   0x0001466f       0x85 ./Core/Src/main.o
 .debug_macro   0x000146f4       0x89 ./Core/Src/main.o
 .debug_macro   0x0001477d      0x225 ./Core/Src/main.o
 .debug_macro   0x000149a2      0x2aa ./Core/Src/main.o
 .debug_macro   0x00014c4c      0x126 ./Core/Src/main.o
 .debug_macro   0x00014d72       0x7c ./Core/Src/main.o
 .debug_macro   0x00014dee       0x2a ./Core/Src/main.o
 .debug_macro   0x00014e18       0x61 ./Core/Src/main.o
 .debug_macro   0x00014e79       0x43 ./Core/Src/main.o
 .debug_macro   0x00014ebc       0x34 ./Core/Src/main.o
 .debug_macro   0x00014ef0       0x16 ./Core/Src/main.o
 .debug_macro   0x00014f06       0x35 ./Core/Src/main.o
 .debug_macro   0x00014f3b       0x16 ./Core/Src/main.o
 .debug_macro   0x00014f51       0x43 ./Core/Src/main.o
 .debug_macro   0x00014f94       0x34 ./Core/Src/main.o
 .debug_macro   0x00014fc8       0x10 ./Core/Src/main.o
 .debug_macro   0x00014fd8       0x58 ./Core/Src/main.o
 .debug_macro   0x00015030       0x8e ./Core/Src/main.o
 .debug_macro   0x000150be       0x1c ./Core/Src/main.o
 .debug_macro   0x000150da      0x177 ./Core/Src/main.o
 .debug_macro   0x00015251      0x369 ./Core/Src/main.o
 .debug_macro   0x000155ba       0x16 ./Core/Src/main.o
 .debug_macro   0x000155d0       0x29 ./Core/Src/main.o
 .debug_macro   0x000155f9       0x28 ./Core/Src/main.o
 .debug_macro   0x00015621      0x385 ./Core/Src/main.o
 .debug_macro   0x000159a6       0x58 ./Core/Src/main.o
 .debug_macro   0x000159fe      0x274 ./Core/Src/main.o
 .debug_macro   0x00015c72       0xbe ./Core/Src/main.o
 .debug_macro   0x00015d30       0xbe ./Core/Src/main.o
 .debug_macro   0x00015dee       0x8e ./Core/Src/main.o
 .debug_macro   0x00015e7c       0xa6 ./Core/Src/main.o
 .debug_macro   0x00015f22       0x88 ./Core/Src/main.o
 .debug_macro   0x00015faa       0x75 ./Core/Src/main.o
 .debug_macro   0x0001601f      0x1fb ./Core/Src/stm32f4xx_hal_msp.o
 .debug_macro   0x0001621a      0x205 ./Core/Src/stm32f4xx_it.o
 .debug_macro   0x0001641f      0x1ec ./Core/Src/system_stm32f4xx.o
 .debug_macro   0x0001660b      0x1af ./Drivers/LCD/images.o
 .debug_macro   0x000167ba      0x11c ./Drivers/LCD/images.o
 .debug_macro   0x000168d6       0x94 ./Drivers/LCD/images.o
 .debug_macro   0x0001696a       0x22 ./Drivers/LCD/images.o
 .debug_macro   0x0001698c      0x37d ./Drivers/LCD/lcd.o
 .debug_macro   0x00016d09       0x56 ./Drivers/LCD/lcd.o
 .debug_macro   0x00016d5f      0x24c ./Drivers/STM32F4xx_HAL_Driver/Src/stm32f4xx_hal.o
 .debug_macro   0x00016fab      0x1ed ./Drivers/STM32F4xx_HAL_Driver/Src/stm32f4xx_hal_adc.o
 .debug_macro   0x00017198      0x1ec ./Drivers/STM32F4xx_HAL_Driver/Src/stm32f4xx_hal_cortex.o
 .debug_macro   0x00017384      0x1f2 ./Drivers/STM32F4xx_HAL_Driver/Src/stm32f4xx_hal_dma.o
 .debug_macro   0x00017576      0x1f2 ./Drivers/STM32F4xx_HAL_Driver/Src/stm32f4xx_hal_gpio.o
 .debug_macro   0x00017768      0x210 ./Drivers/STM32F4xx_HAL_Driver/Src/stm32f4xx_hal_rcc.o
 .debug_macro   0x00017978      0x1fb ./Drivers/STM32F4xx_HAL_Driver/Src/stm32f4xx_hal_spi.o
 .debug_macro   0x00017b73      0x1ed ./Drivers/STM32F4xx_HAL_Driver/Src/stm32f4xx_hal_uart.o
 .debug_macro   0x00017d60      0x1a5 ./Drivers/UGUI/font_6x8.o
 .debug_macro   0x00017f05      0x1a5 ./Drivers/UGUI/ugui.o

.debug_line     0x00000000    0x11282
 .debug_line    0x00000000      0xd04 ./Core/Src/main.o
 .debug_line    0x00000d04      0x84b ./Core/Src/stm32f4xx_hal_msp.o
 .debug_line    0x0000154f      0x832 ./Core/Src/stm32f4xx_it.o
 .debug_line    0x00001d81      0x7c4 ./Core/Src/system_stm32f4xx.o
 .debug_line    0x00002545       0x7a ./Core/Startup/startup_stm32f411ceux.o
 .debug_line    0x000025bf      0x6fc ./Drivers/LCD/images.o
 .debug_line    0x00002cbb     0x13bd ./Drivers/LCD/lcd.o
 .debug_line    0x00004078      0xa2d ./Drivers/STM32F4xx_HAL_Driver/Src/stm32f4xx_hal.o
 .debug_line    0x00004aa5     0x11f5 ./Drivers/STM32F4xx_HAL_Driver/Src/stm32f4xx_hal_adc.o
 .debug_line    0x00005c9a      0xcf5 ./Drivers/STM32F4xx_HAL_Driver/Src/stm32f4xx_hal_cortex.o
 .debug_line    0x0000698f      0xf9d ./Drivers/STM32F4xx_HAL_Driver/Src/stm32f4xx_hal_dma.o
 .debug_line    0x0000792c      0xb7d ./Drivers/STM32F4xx_HAL_Driver/Src/stm32f4xx_hal_gpio.o
 .debug_line    0x000084a9      0xd9e ./Drivers/STM32F4xx_HAL_Driver/Src/stm32f4xx_hal_rcc.o
 .debug_line    0x00009247     0x1d28 ./Drivers/STM32F4xx_HAL_Driver/Src/stm32f4xx_hal_spi.o
 .debug_line    0x0000af6f     0x28ff ./Drivers/STM32F4xx_HAL_Driver/Src/stm32f4xx_hal_uart.o
 .debug_line    0x0000d86e      0x6dc ./Drivers/UGUI/font_6x8.o
 .debug_line    0x0000df4a     0x3338 ./Drivers/UGUI/ugui.o

.debug_str      0x00000000    0x961b6
 .debug_str     0x00000000    0x92fb1 ./Core/Src/main.o
                              0x93344 (size before relaxing)
 .debug_str     0x00092fb1       0xe4 ./Core/Src/stm32f4xx_hal_msp.o
                              0x8dad6 (size before relaxing)
 .debug_str     0x00093095      0x11a ./Core/Src/stm32f4xx_it.o
                              0x8d26a (size before relaxing)
 .debug_str     0x000931af       0xdb ./Core/Src/system_stm32f4xx.o
                              0x8ccff (size before relaxing)
 .debug_str     0x0009328a       0x44 ./Core/Startup/startup_stm32f411ceux.o
                                 0x79 (size before relaxing)
 .debug_str     0x000932ce       0x25 ./Drivers/LCD/images.o
                               0x9498 (size before relaxing)
 .debug_str     0x000932f3      0xb02 ./Drivers/LCD/lcd.o
                              0x9338b (size before relaxing)
 .debug_str     0x00093df5      0x5f2 ./Drivers/STM32F4xx_HAL_Driver/Src/stm32f4xx_hal.o
                              0x8d72b (size before relaxing)
 .debug_str     0x000943e7      0x2c6 ./Drivers/STM32F4xx_HAL_Driver/Src/stm32f4xx_hal_adc.o
                              0x8d2da (size before relaxing)
 .debug_str     0x000946ad      0x32e ./Drivers/STM32F4xx_HAL_Driver/Src/stm32f4xx_hal_cortex.o
                              0x8d463 (size before relaxing)
 .debug_str     0x000949db      0x2b6 ./Drivers/STM32F4xx_HAL_Driver/Src/stm32f4xx_hal_dma.o
                              0x8d107 (size before relaxing)
 .debug_str     0x00094c91      0x121 ./Drivers/STM32F4xx_HAL_Driver/Src/stm32f4xx_hal_gpio.o
                              0x8ce7a (size before relaxing)
 .debug_str     0x00094db2      0x233 ./Drivers/STM32F4xx_HAL_Driver/Src/stm32f4xx_hal_rcc.o
                              0x8d133 (size before relaxing)
 .debug_str     0x00094fe5      0x541 ./Drivers/STM32F4xx_HAL_Driver/Src/stm32f4xx_hal_spi.o
                              0x8d5b1 (size before relaxing)
 .debug_str     0x00095526      0x5fa ./Drivers/STM32F4xx_HAL_Driver/Src/stm32f4xx_hal_uart.o
                              0x8d702 (size before relaxing)
 .debug_str     0x00095b20       0x1b ./Drivers/UGUI/font_6x8.o
                               0x9457 (size before relaxing)
 .debug_str     0x00095b3b      0x67b ./Drivers/UGUI/ugui.o
                               0x9fd8 (size before relaxing)

.comment        0x00000000       0x43
 .comment       0x00000000       0x43 ./Core/Src/main.o
                                 0x44 (size before relaxing)
 .comment       0x00000043       0x44 ./Core/Src/stm32f4xx_hal_msp.o
 .comment       0x00000043       0x44 ./Core/Src/stm32f4xx_it.o
 .comment       0x00000043       0x44 ./Core/Src/system_stm32f4xx.o
 .comment       0x00000043       0x44 ./Drivers/LCD/images.o
 .comment       0x00000043       0x44 ./Drivers/LCD/lcd.o
 .comment       0x00000043       0x44 ./Drivers/STM32F4xx_HAL_Driver/Src/stm32f4xx_hal.o
 .comment       0x00000043       0x44 ./Drivers/STM32F4xx_HAL_Driver/Src/stm32f4xx_hal_adc.o
 .comment       0x00000043       0x44 ./Drivers/STM32F4xx_HAL_Driver/Src/stm32f4xx_hal_cortex.o
 .comment       0x00000043       0x44 ./Drivers/STM32F4xx_HAL_Driver/Src/stm32f4xx_hal_dma.o
 .comment       0x00000043       0x44 ./Drivers/STM32F4xx_HAL_Driver/Src/stm32f4xx_hal_gpio.o
 .comment       0x00000043       0x44 ./Drivers/STM32F4xx_HAL_Driver/Src/stm32f4xx_hal_rcc.o
 .comment       0x00000043       0x44 ./Drivers/STM32F4xx_HAL_Driver/Src/stm32f4xx_hal_spi.o
 .comment       0x00000043       0x44 ./Drivers/STM32F4xx_HAL_Driver/Src/stm32f4xx_hal_uart.o
 .comment       0x00000043       0x44 ./Drivers/UGUI/font_6x8.o
 .comment       0x00000043       0x44 ./Drivers/UGUI/ugui.o

.debug_frame    0x00000000     0x3a88
 .debug_frame   0x00000000      0x110 ./Core/Src/main.o
 .debug_frame   0x00000110      0x110 ./Core/Src/stm32f4xx_hal_msp.o
 .debug_frame   0x00000220      0x13c ./Core/Src/stm32f4xx_it.o
 .debug_frame   0x0000035c       0x58 ./Core/Src/system_stm32f4xx.o
 .debug_frame   0x000003b4      0x38c ./Drivers/LCD/lcd.o
 .debug_frame   0x00000740      0x374 ./Drivers/STM32F4xx_HAL_Driver/Src/stm32f4xx_hal.o
 .debug_frame   0x00000ab4      0x3fc ./Drivers/STM32F4xx_HAL_Driver/Src/stm32f4xx_hal_adc.o
 .debug_frame   0x00000eb0      0x4b8 ./Drivers/STM32F4xx_HAL_Driver/Src/stm32f4xx_hal_cortex.o
 .debug_frame   0x00001368      0x250 ./Drivers/STM32F4xx_HAL_Driver/Src/stm32f4xx_hal_dma.o
 .debug_frame   0x000015b8      0x14c ./Drivers/STM32F4xx_HAL_Driver/Src/stm32f4xx_hal_gpio.o
 .debug_frame   0x00001704      0x1f4 ./Drivers/STM32F4xx_HAL_Driver/Src/stm32f4xx_hal_rcc.o
 .debug_frame   0x000018f8      0x828 ./Drivers/STM32F4xx_HAL_Driver/Src/stm32f4xx_hal_spi.o
 .debug_frame   0x00002120      0x954 ./Drivers/STM32F4xx_HAL_Driver/Src/stm32f4xx_hal_uart.o
 .debug_frame   0x00002a74      0xf68 ./Drivers/UGUI/ugui.o
 .debug_frame   0x000039dc       0x20 D:/Projetos Pessoais/STM32/STM32CubeIDE_1.15.1/STM32CubeIDE/plugins/com.st.stm32cube.ide.mcu.externaltools.gnu-tools-for-stm32.12.3.rel1.win32_1.0.100.202403111256/tools/bin/../lib/gcc/arm-none-eabi/12.3.1/../../../../arm-none-eabi/lib/thumb/v7e-m+fp/hard\libc_nano.a(libc_a-memset.o)
 .debug_frame   0x000039fc       0x2c D:/Projetos Pessoais/STM32/STM32CubeIDE_1.15.1/STM32CubeIDE/plugins/com.st.stm32cube.ide.mcu.externaltools.gnu-tools-for-stm32.12.3.rel1.win32_1.0.100.202403111256/tools/bin/../lib/gcc/arm-none-eabi/12.3.1/../../../../arm-none-eabi/lib/thumb/v7e-m+fp/hard\libc_nano.a(libc_a-init.o)
 .debug_frame   0x00003a28       0x2c D:/Projetos Pessoais/STM32/STM32CubeIDE_1.15.1/STM32CubeIDE/plugins/com.st.stm32cube.ide.mcu.externaltools.gnu-tools-for-stm32.12.3.rel1.win32_1.0.100.202403111256/tools/bin/../lib/gcc/arm-none-eabi/12.3.1/thumb/v7e-m+fp/hard\libgcc.a(_aeabi_uldivmod.o)
 .debug_frame   0x00003a54       0x34 D:/Projetos Pessoais/STM32/STM32CubeIDE_1.15.1/STM32CubeIDE/plugins/com.st.stm32cube.ide.mcu.externaltools.gnu-tools-for-stm32.12.3.rel1.win32_1.0.100.202403111256/tools/bin/../lib/gcc/arm-none-eabi/12.3.1/thumb/v7e-m+fp/hard\libgcc.a(_udivmoddi4.o)

.debug_line_str
                0x00000000       0x5d
 .debug_line_str
                0x00000000       0x5d ./Core/Startup/startup_stm32f411ceux.o
